com/epic7/backend/dto/InventoryDTO.class
com/epic7/backend/controller/EquipmentController.class
com/epic7/backend/model/enums/SkillCategory.class
com/epic7/backend/model/Skill$SkillBuilder.class
com/epic7/backend/repository/ShopItemRepository.class
com/epic7/backend/repository/GuildRepository.class
com/epic7/backend/model/enums/Rarity.class
com/epic7/backend/dto/UserProfileResponse.class
com/epic7/backend/model/PlayerEquipment.class
com/epic7/backend/service/SummonService.class
com/epic7/backend/dto/ExtendedEquipmentDTO.class
com/epic7/backend/repository/ShopPurchaseRepository.class
com/epic7/backend/model/PlayerEquipment$PlayerEquipmentBuilder.class
com/epic7/backend/model/ShopItem$ShopItemBuilder.class
com/epic7/backend/model/Skill.class
com/epic7/backend/service/UserEnergyService.class
com/epic7/backend/model/Equipment.class
com/epic7/backend/model/Banner.class
com/epic7/backend/service/ShopService.class
com/epic7/backend/config/GlobalSeeder.class
com/epic7/backend/security/JwtAuthFilter.class
com/epic7/backend/model/ShopPurchase$ShopPurchaseBuilder.class
com/epic7/backend/controller/SkillController.class
com/epic7/backend/controller/PlayerHeroController.class
com/epic7/backend/dto/SkillDTO.class
com/epic7/backend/service/SummonService$1.class
com/epic7/backend/dto/HeroEquipmentViewDTO.class
com/epic7/backend/dto/RegisterRequest.class
com/epic7/backend/model/ShopPurchase.class
com/epic7/backend/model/Guild.class
com/epic7/backend/config/SecurityConfig.class
com/epic7/backend/repository/PlayerEquipmentRepository.class
com/epic7/backend/model/Banner$BannerBuilder.class
com/epic7/backend/controller/ShopController.class
com/epic7/backend/service/Battle.class
com/epic7/backend/repository/SkillRepository.class
com/epic7/backend/service/EquipmentService.class
com/epic7/backend/model/Hero$HeroBuilder.class
com/epic7/backend/model/Hero.class
com/epic7/backend/model/ShopItem.class
com/epic7/backend/controller/GuildController.class
com/epic7/backend/utils/JwtUtil.class
com/epic7/backend/controller/UserController.class
com/epic7/backend/dto/EquipmentDTO.class
com/epic7/backend/repository/HeroRepository.class
com/epic7/backend/model/enums/StatScaling.class
com/epic7/backend/model/GuildMembership.class
com/epic7/backend/model/User.class
com/epic7/backend/model/enums/GuildRank.class
com/epic7/backend/model/enums/TargetGroup.class
com/epic7/backend/repository/EquipmentRepository.class
com/epic7/backend/model/enums/TriggerCondition.class
com/epic7/backend/model/enums/ShopItemType.class
com/epic7/backend/service/SkillService.class
com/epic7/backend/config/CorsConfig.class
com/epic7/backend/controller/AuthController.class
com/epic7/backend/BackendApplication.class
com/epic7/backend/repository/PlayerHeroRepository.class
com/epic7/backend/model/enums/SkillAction.class
com/epic7/backend/service/GuildService.class
com/epic7/backend/service/ShopService$1.class
com/epic7/backend/service/AuthService.class
com/epic7/backend/repository/UserRepository.class
com/epic7/backend/controller/SummonController.class
com/epic7/backend/model/PlayerHero.class
com/epic7/backend/model/enums/PassiveBonusType.class
com/epic7/backend/model/enums/Element.class
com/epic7/backend/service/PlayerHeroService.class
com/epic7/backend/dto/PlayerHeroViewDTO.class
com/epic7/backend/model/enums/EquipmentType.class
com/epic7/backend/repository/GuildMembershipRepository.class
com/epic7/backend/repository/BannerRepository.class
