/Users/hermas/Desktop/Projets/epic7/front_test/backend/src/main/java/com/epic7/backend/BackendApplication.java
/Users/hermas/Desktop/Projets/epic7/front_test/backend/src/main/java/com/epic7/backend/config/CorsConfig.java
/Users/hermas/Desktop/Projets/epic7/front_test/backend/src/main/java/com/epic7/backend/config/GlobalSeeder.java
/Users/hermas/Desktop/Projets/epic7/front_test/backend/src/main/java/com/epic7/backend/config/SecurityConfig.java
/Users/hermas/Desktop/Projets/epic7/front_test/backend/src/main/java/com/epic7/backend/controller/AuthController.java
/Users/hermas/Desktop/Projets/epic7/front_test/backend/src/main/java/com/epic7/backend/controller/EquipmentController.java
/Users/hermas/Desktop/Projets/epic7/front_test/backend/src/main/java/com/epic7/backend/controller/GuildController.java
/Users/hermas/Desktop/Projets/epic7/front_test/backend/src/main/java/com/epic7/backend/controller/PlayerHeroController.java
/Users/hermas/Desktop/Projets/epic7/front_test/backend/src/main/java/com/epic7/backend/controller/ShopController.java
/Users/hermas/Desktop/Projets/epic7/front_test/backend/src/main/java/com/epic7/backend/controller/SkillController.java
/Users/hermas/Desktop/Projets/epic7/front_test/backend/src/main/java/com/epic7/backend/controller/SummonController.java
/Users/hermas/Desktop/Projets/epic7/front_test/backend/src/main/java/com/epic7/backend/controller/UserController.java
/Users/hermas/Desktop/Projets/epic7/front_test/backend/src/main/java/com/epic7/backend/dto/EquipmentDTO.java
/Users/hermas/Desktop/Projets/epic7/front_test/backend/src/main/java/com/epic7/backend/dto/ExtendedEquipmentDTO.java
/Users/hermas/Desktop/Projets/epic7/front_test/backend/src/main/java/com/epic7/backend/dto/HeroEquipmentViewDTO.java
/Users/hermas/Desktop/Projets/epic7/front_test/backend/src/main/java/com/epic7/backend/dto/InventoryDTO.java
/Users/hermas/Desktop/Projets/epic7/front_test/backend/src/main/java/com/epic7/backend/dto/PlayerHeroViewDTO.java
/Users/hermas/Desktop/Projets/epic7/front_test/backend/src/main/java/com/epic7/backend/dto/RegisterRequest.java
/Users/hermas/Desktop/Projets/epic7/front_test/backend/src/main/java/com/epic7/backend/dto/SkillDTO.java
/Users/hermas/Desktop/Projets/epic7/front_test/backend/src/main/java/com/epic7/backend/dto/UserProfileResponse.java
/Users/hermas/Desktop/Projets/epic7/front_test/backend/src/main/java/com/epic7/backend/model/Banner.java
/Users/hermas/Desktop/Projets/epic7/front_test/backend/src/main/java/com/epic7/backend/model/Equipment.java
/Users/hermas/Desktop/Projets/epic7/front_test/backend/src/main/java/com/epic7/backend/model/Guild.java
/Users/hermas/Desktop/Projets/epic7/front_test/backend/src/main/java/com/epic7/backend/model/GuildMembership.java
/Users/hermas/Desktop/Projets/epic7/front_test/backend/src/main/java/com/epic7/backend/model/Hero.java
/Users/hermas/Desktop/Projets/epic7/front_test/backend/src/main/java/com/epic7/backend/model/PlayerEquipment.java
/Users/hermas/Desktop/Projets/epic7/front_test/backend/src/main/java/com/epic7/backend/model/PlayerHero.java
/Users/hermas/Desktop/Projets/epic7/front_test/backend/src/main/java/com/epic7/backend/model/ShopItem.java
/Users/hermas/Desktop/Projets/epic7/front_test/backend/src/main/java/com/epic7/backend/model/ShopPurchase.java
/Users/hermas/Desktop/Projets/epic7/front_test/backend/src/main/java/com/epic7/backend/model/Skill.java
/Users/hermas/Desktop/Projets/epic7/front_test/backend/src/main/java/com/epic7/backend/model/User.java
/Users/hermas/Desktop/Projets/epic7/front_test/backend/src/main/java/com/epic7/backend/model/enums/Element.java
/Users/hermas/Desktop/Projets/epic7/front_test/backend/src/main/java/com/epic7/backend/model/enums/EquipmentType.java
/Users/hermas/Desktop/Projets/epic7/front_test/backend/src/main/java/com/epic7/backend/model/enums/GuildRank.java
/Users/hermas/Desktop/Projets/epic7/front_test/backend/src/main/java/com/epic7/backend/model/enums/PassiveBonusType.java
/Users/hermas/Desktop/Projets/epic7/front_test/backend/src/main/java/com/epic7/backend/model/enums/Rarity.java
/Users/hermas/Desktop/Projets/epic7/front_test/backend/src/main/java/com/epic7/backend/model/enums/ShopItemType.java
/Users/hermas/Desktop/Projets/epic7/front_test/backend/src/main/java/com/epic7/backend/model/enums/SkillAction.java
/Users/hermas/Desktop/Projets/epic7/front_test/backend/src/main/java/com/epic7/backend/model/enums/SkillCategory.java
/Users/hermas/Desktop/Projets/epic7/front_test/backend/src/main/java/com/epic7/backend/model/enums/StatScaling.java
/Users/hermas/Desktop/Projets/epic7/front_test/backend/src/main/java/com/epic7/backend/model/enums/TargetGroup.java
/Users/hermas/Desktop/Projets/epic7/front_test/backend/src/main/java/com/epic7/backend/model/enums/TriggerCondition.java
/Users/hermas/Desktop/Projets/epic7/front_test/backend/src/main/java/com/epic7/backend/repository/BannerRepository.java
/Users/hermas/Desktop/Projets/epic7/front_test/backend/src/main/java/com/epic7/backend/repository/EquipmentRepository.java
/Users/hermas/Desktop/Projets/epic7/front_test/backend/src/main/java/com/epic7/backend/repository/GuildMembershipRepository.java
/Users/hermas/Desktop/Projets/epic7/front_test/backend/src/main/java/com/epic7/backend/repository/GuildRepository.java
/Users/hermas/Desktop/Projets/epic7/front_test/backend/src/main/java/com/epic7/backend/repository/HeroRepository.java
/Users/hermas/Desktop/Projets/epic7/front_test/backend/src/main/java/com/epic7/backend/repository/PlayerEquipmentRepository.java
/Users/hermas/Desktop/Projets/epic7/front_test/backend/src/main/java/com/epic7/backend/repository/PlayerHeroRepository.java
/Users/hermas/Desktop/Projets/epic7/front_test/backend/src/main/java/com/epic7/backend/repository/ShopItemRepository.java
/Users/hermas/Desktop/Projets/epic7/front_test/backend/src/main/java/com/epic7/backend/repository/ShopPurchaseRepository.java
/Users/hermas/Desktop/Projets/epic7/front_test/backend/src/main/java/com/epic7/backend/repository/SkillRepository.java
/Users/hermas/Desktop/Projets/epic7/front_test/backend/src/main/java/com/epic7/backend/repository/UserRepository.java
/Users/hermas/Desktop/Projets/epic7/front_test/backend/src/main/java/com/epic7/backend/security/JwtAuthFilter.java
/Users/hermas/Desktop/Projets/epic7/front_test/backend/src/main/java/com/epic7/backend/service/AuthService.java
/Users/hermas/Desktop/Projets/epic7/front_test/backend/src/main/java/com/epic7/backend/service/Battle.java
/Users/hermas/Desktop/Projets/epic7/front_test/backend/src/main/java/com/epic7/backend/service/EquipmentService.java
/Users/hermas/Desktop/Projets/epic7/front_test/backend/src/main/java/com/epic7/backend/service/GuildService.java
/Users/hermas/Desktop/Projets/epic7/front_test/backend/src/main/java/com/epic7/backend/service/PlayerHeroService.java
/Users/hermas/Desktop/Projets/epic7/front_test/backend/src/main/java/com/epic7/backend/service/ShopService.java
/Users/hermas/Desktop/Projets/epic7/front_test/backend/src/main/java/com/epic7/backend/service/SkillService.java
/Users/hermas/Desktop/Projets/epic7/front_test/backend/src/main/java/com/epic7/backend/service/SummonService.java
/Users/hermas/Desktop/Projets/epic7/front_test/backend/src/main/java/com/epic7/backend/service/UserEnergyService.java
/Users/hermas/Desktop/Projets/epic7/front_test/backend/src/main/java/com/epic7/backend/utils/JwtUtil.java
